loaded 1,500,000 rows in 5.2s
labeled 1,347,255  (dropped 152,745 still-Open tickets)
train 1,077,804  test 269,451
trained in 72.0s  (121 trees, 20 features)

=== held-out (269,451 tickets, threshold 0.5) ===
  AUC      0.8909
  Accuracy 0.8047
  LogLoss  0.3838   Brier 0.1260
              precision    recall  f1-score   support

       human      0.745     0.952     0.836    140909
 ai_solvable      0.925     0.643     0.759    128542

    accuracy                          0.805    269451
   macro avg      0.835     0.798     0.797    269451
weighted avg      0.831     0.805     0.799    269451

  routed to AI    33.2%  of which 92.5% correct
  misrouted        2.5%  (sent to AI, needed a human)
  missed          17.0%  (kept human, AI could have solved)

saved -> ai_solvable_model.pkl
 ticket_id  ai_solvable_prob  ai_solvable route
   1042017          0.402207            0 Human
    742825          0.013365            0 Human
    141404          0.437102            0 Human
    949038          0.010439            0 Human
    741496          0.316179            0 Human
